// Jest Snapshot v1, https://goo.gl/fbAQLP

exports[`Heading renders correctly with custom style 1`] = `null`;

exports[`Heading renders correctly with default style 1`] = `null`;
