// Jest Snapshot v1, https://goo.gl/fbAQLP

exports[`Label renders correctly with custom style 1`] = `null`;

exports[`Label renders correctly with default style 1`] = `null`;
